ADCMAP,296,265
ADCMAP,300,269
ADCMAP,304,272
ADCMAP,308,276
ADCMAP,312,279
ADCMAP,316,283
ADCMAP,320,286
ADCMAP,324,290
ADCMAP,328,293
ADCMAP,332,297
ADCMAP,336,300
ADCMAP,340,304
ADCMAP,344,307
ADCMAP,348,311
ADCMAP,352,314
ADCMAP,356,318
ADCMAP,360,322
ADCMAP,364,326
ADCMAP,368,328
ADCMAP,372,331
ADCMAP,376,336
ADCMAP,380,338
ADCMAP,384,342
ADCMAP,388,345
ADCMAP,392,348
ADCMAP,396,352
ADCMAP,400,356
ADCMAP,404,360
ADCMAP,408,363
ADCMAP,412,367
ADCMAP,416,371
ADCMAP,420,373
ADCMAP,424,377
ADCMAP,428,380
ADCMAP,432,384
ADCMAP,436,387
ADCMAP,440,391
ADCMAP,444,394
ADCMAP,448,398
ADCMAP,452,402
ADCMAP,456,404
ADCMAP,460,408
ADCMAP,464,411
ADCMAP,468,415
ADCMAP,472,418
ADCMAP,476,421
ADCMAP,480,425
ADCMAP,484,430
ADCMAP,488,432
ADCMAP,492,436
ADCMAP,496,439
ADCMAP,500,442
ADCMAP,504,446
ADCMAP,508,450
ADCMAP,512,453
ADCMAP,516,456
ADCMAP,520,460
ADCMAP,524,463
ADCMAP,528,466
ADCMAP,532,469
ADCMAP,536,473
ADCMAP,540,477
ADCMAP,544,481
ADCMAP,548,483
ADCMAP,552,487
ADCMAP,556,490
ADCMAP,560,495
ADCMAP,564,497
ADCMAP,568,501
ADCMAP,572,504
ADCMAP,576,508
ADCMAP,580,512
ADCMAP,584,515
ADCMAP,588,518
ADCMAP,592,521
ADCMAP,596,525
ADCMAP,600,527
ADCMAP,604,531
ADCMAP,608,533
ADCMAP,612,538
ADCMAP,616,540
ADCMAP,620,545
ADCMAP,624,548
ADCMAP,628,552
ADCMAP,632,555
ADCMAP,636,558
ADCMAP,640,562
ADCMAP,644,566
ADCMAP,648,569
ADCMAP,652,572
ADCMAP,656,575
ADCMAP,660,579
ADCMAP,664,582
ADCMAP,668,585
ADCMAP,672,589
ADCMAP,676,592
ADCMAP,680,596
ADCMAP,684,599
ADCMAP,688,603
ADCMAP,692,606
ADCMAP,696,609
ADCMAP,700,613
ADCMAP,704,617
ADCMAP,708,620
ADCMAP,712,623
ADCMAP,716,625
ADCMAP,720,630
ADCMAP,724,632
ADCMAP,728,636
ADCMAP,732,639
ADCMAP,736,644
ADCMAP,740,646
ADCMAP,744,649
ADCMAP,748,653
ADCMAP,752,656
ADCMAP,756,660
ADCMAP,760,663
ADCMAP,764,666
ADCMAP,768,669
ADCMAP,772,674
ADCMAP,776,677
ADCMAP,780,680
ADCMAP,784,683
ADCMAP,788,688
ADCMAP,792,689
ADCMAP,796,694
ADCMAP,800,696
ADCMAP,804,700
ADCMAP,808,704
ADCMAP,812,706
ADCMAP,816,710
ADCMAP,820,713
ADCMAP,824,717
ADCMAP,828,721
ADCMAP,832,724
ADCMAP,836,726
ADCMAP,840,731
ADCMAP,844,734
ADCMAP,848,738
ADCMAP,852,740
ADCMAP,856,744
ADCMAP,860,747
ADCMAP,864,750
ADCMAP,868,754
ADCMAP,872,757
ADCMAP,876,761
ADCMAP,880,765
ADCMAP,884,767
ADCMAP,888,771
ADCMAP,892,774
ADCMAP,896,778
ADCMAP,900,780
ADCMAP,904,784
ADCMAP,908,787
ADCMAP,912,790
ADCMAP,916,794
ADCMAP,920,797
ADCMAP,924,801
ADCMAP,928,803
ADCMAP,932,809
ADCMAP,936,811
ADCMAP,940,815
ADCMAP,944,816
ADCMAP,948,822
ADCMAP,952,824
ADCMAP,956,828
ADCMAP,960,830
ADCMAP,964,834
ADCMAP,968,838
ADCMAP,972,841
ADCMAP,976,845
ADCMAP,980,847
ADCMAP,984,852
ADCMAP,988,854
ADCMAP,992,858
ADCMAP,996,861
ADCMAP,1000,865
ADCMAP,1004,868
ADCMAP,1008,872
ADCMAP,1012,873
ADCMAP,1016,878
ADCMAP,1020,882
ADCMAP,1024,885
ADCMAP,1028,888
ADCMAP,1032,891
ADCMAP,1036,895
ADCMAP,1040,898
ADCMAP,1044,901
ADCMAP,1048,904
ADCMAP,1052,907
ADCMAP,1056,912
ADCMAP,1060,916
ADCMAP,1064,918
ADCMAP,1068,922
ADCMAP,1072,923
ADCMAP,1076,928
ADCMAP,1080,932
ADCMAP,1084,935
ADCMAP,1088,938
ADCMAP,1092,943
ADCMAP,1096,944
ADCMAP,1100,948
ADCMAP,1104,951
ADCMAP,1108,954
ADCMAP,1112,959
ADCMAP,1116,962
ADCMAP,1120,964
ADCMAP,1124,967
ADCMAP,1128,972
ADCMAP,1132,975
ADCMAP,1136,978
ADCMAP,1140,982
ADCMAP,1144,985
ADCMAP,1148,988
ADCMAP,1152,992
ADCMAP,1156,995
ADCMAP,1160,999
ADCMAP,1164,1001
ADCMAP,1168,1005
ADCMAP,1172,1008
ADCMAP,1176,1012
ADCMAP,1180,1014
ADCMAP,1184,1018
ADCMAP,1188,1022
ADCMAP,1192,1025
ADCMAP,1196,1029
ADCMAP,1200,1032
ADCMAP,1204,1035
ADCMAP,1208,1038
ADCMAP,1212,1042
ADCMAP,1216,1045
ADCMAP,1220,1050
ADCMAP,1224,1051
ADCMAP,1228,1055
ADCMAP,1232,1058
ADCMAP,1236,1063
ADCMAP,1240,1065
ADCMAP,1244,1069
ADCMAP,1248,1071
ADCMAP,1252,1076
ADCMAP,1256,1078
ADCMAP,1260,1081
ADCMAP,1264,1085
ADCMAP,1268,1088
ADCMAP,1272,1092
ADCMAP,1276,1095
ADCMAP,1280,1099
ADCMAP,1284,1101
ADCMAP,1288,1105
ADCMAP,1292,1108
ADCMAP,1296,1112
ADCMAP,1300,1115
ADCMAP,1304,1118
ADCMAP,1308,1122
ADCMAP,1312,1126
ADCMAP,1316,1129
ADCMAP,1320,1132
ADCMAP,1324,1136
ADCMAP,1328,1140
ADCMAP,1332,1142
ADCMAP,1336,1145
ADCMAP,1340,1149
ADCMAP,1344,1153
ADCMAP,1348,1156
ADCMAP,1352,1159
ADCMAP,1356,1163
ADCMAP,1360,1166
ADCMAP,1364,1170
ADCMAP,1368,1173
ADCMAP,1372,1175
ADCMAP,1376,1178
ADCMAP,1380,1183
ADCMAP,1384,1185
ADCMAP,1388,1189
ADCMAP,1392,1192
ADCMAP,1396,1196
ADCMAP,1400,1199
ADCMAP,1404,1202
ADCMAP,1408,1206
ADCMAP,1412,1209
ADCMAP,1416,1213
ADCMAP,1420,1216
ADCMAP,1424,1219
ADCMAP,1428,1222
ADCMAP,1432,1226
ADCMAP,1436,1229
ADCMAP,1440,1234
ADCMAP,1444,1236
ADCMAP,1448,1239
ADCMAP,1452,1242
ADCMAP,1456,1246
ADCMAP,1460,1249
ADCMAP,1464,1253
ADCMAP,1468,1257
ADCMAP,1472,1260
ADCMAP,1476,1263
ADCMAP,1480,1266
ADCMAP,1484,1269
ADCMAP,1488,1273
ADCMAP,1492,1276
ADCMAP,1496,1279
ADCMAP,1500,1283
ADCMAP,1504,1286
ADCMAP,1508,1290
ADCMAP,1512,1292
ADCMAP,1516,1297
ADCMAP,1520,1300
ADCMAP,1524,1303
ADCMAP,1528,1306
ADCMAP,1532,1310
ADCMAP,1536,1313
ADCMAP,1540,1317
ADCMAP,1544,1320
ADCMAP,1548,1323
ADCMAP,1552,1326
ADCMAP,1556,1330
ADCMAP,1560,1334
ADCMAP,1564,1336
ADCMAP,1568,1340
ADCMAP,1572,1343
ADCMAP,1576,1348
ADCMAP,1580,1351
ADCMAP,1584,1353
ADCMAP,1588,1357
ADCMAP,1592,1361
ADCMAP,1596,1365
ADCMAP,1600,1367
ADCMAP,1604,1370
ADCMAP,1608,1374
ADCMAP,1612,1377
ADCMAP,1616,1381
ADCMAP,1620,1384
ADCMAP,1624,1386
ADCMAP,1628,1391
ADCMAP,1632,1393
ADCMAP,1636,1398
ADCMAP,1640,1400
ADCMAP,1644,1403
ADCMAP,1648,1407
ADCMAP,1652,1411
ADCMAP,1656,1413
ADCMAP,1660,1417
ADCMAP,1664,1422
ADCMAP,1668,1424
ADCMAP,1672,1428
ADCMAP,1676,1431
ADCMAP,1680,1434
ADCMAP,1684,1439
ADCMAP,1688,1441
ADCMAP,1692,1445
ADCMAP,1696,1447
ADCMAP,1700,1452
ADCMAP,1704,1455
ADCMAP,1708,1457
ADCMAP,1712,1462
ADCMAP,1716,1464
ADCMAP,1720,1468
ADCMAP,1724,1471
ADCMAP,1728,1474
ADCMAP,1732,1478
ADCMAP,1736,1483
ADCMAP,1740,1485
ADCMAP,1744,1488
ADCMAP,1748,1492
ADCMAP,1752,1496
ADCMAP,1756,1499
ADCMAP,1760,1502
ADCMAP,1764,1504
ADCMAP,1768,1508
ADCMAP,1772,1512
ADCMAP,1776,1514
ADCMAP,1780,1518
ADCMAP,1784,1521
ADCMAP,1788,1526
ADCMAP,1792,1529
ADCMAP,1796,1533
ADCMAP,1800,1535
ADCMAP,1804,1538
ADCMAP,1808,1543
ADCMAP,1812,1546
ADCMAP,1816,1549
ADCMAP,1820,1552
ADCMAP,1824,1555
ADCMAP,1828,1560
ADCMAP,1832,1562
ADCMAP,1836,1566
ADCMAP,1840,1569
ADCMAP,1844,1574
ADCMAP,1848,1577
ADCMAP,1852,1578
ADCMAP,1856,1582
ADCMAP,1860,1585
ADCMAP,1864,1590
ADCMAP,1868,1592
ADCMAP,1872,1596
ADCMAP,1876,1600
ADCMAP,1880,1604
ADCMAP,1884,1607
ADCMAP,1888,1610
ADCMAP,1892,1613
ADCMAP,1896,1617
ADCMAP,1900,1621
ADCMAP,1904,1624
ADCMAP,1908,1627
ADCMAP,1912,1630
ADCMAP,1916,1634
ADCMAP,1920,1636
ADCMAP,1924,1640
ADCMAP,1928,1643
ADCMAP,1932,1647
ADCMAP,1936,1650
ADCMAP,1940,1653
ADCMAP,1944,1656
ADCMAP,1948,1660
ADCMAP,1952,1664
ADCMAP,1956,1667
ADCMAP,1960,1670
ADCMAP,1964,1673
ADCMAP,1968,1677
ADCMAP,1972,1681
ADCMAP,1976,1684
ADCMAP,1980,1687
ADCMAP,1984,1691
ADCMAP,1988,1695
ADCMAP,1992,1698
ADCMAP,1996,1700
ADCMAP,2000,1704
ADCMAP,2004,1708
ADCMAP,2008,1711
ADCMAP,2012,1714
ADCMAP,2016,1718
ADCMAP,2020,1721
ADCMAP,2024,1725
ADCMAP,2028,1727
ADCMAP,2032,1732
ADCMAP,2036,1734
ADCMAP,2040,1739
ADCMAP,2044,1742
ADCMAP,2048,1744
ADCMAP,2052,1748
ADCMAP,2056,1752
ADCMAP,2060,1755
ADCMAP,2064,1759
ADCMAP,2068,1761
ADCMAP,2072,1764
ADCMAP,2076,1769
ADCMAP,2080,1772
ADCMAP,2084,1775
ADCMAP,2088,1778
ADCMAP,2092,1782
ADCMAP,2096,1785
ADCMAP,2100,1788
ADCMAP,2104,1791
ADCMAP,2108,1795
ADCMAP,2112,1798
ADCMAP,2116,1803
ADCMAP,2120,1805
ADCMAP,2124,1808
ADCMAP,2128,1812
ADCMAP,2132,1816
ADCMAP,2136,1819
ADCMAP,2140,1821
ADCMAP,2144,1825
ADCMAP,2148,1829
ADCMAP,2152,1833
ADCMAP,2156,1835
ADCMAP,2160,1838
ADCMAP,2164,1842
ADCMAP,2168,1846
ADCMAP,2172,1849
ADCMAP,2176,1852
ADCMAP,2180,1855
ADCMAP,2184,1860
ADCMAP,2188,1862
ADCMAP,2192,1865
ADCMAP,2196,1869
ADCMAP,2200,1874
ADCMAP,2204,1877
ADCMAP,2208,1880
ADCMAP,2212,1882
ADCMAP,2216,1886
ADCMAP,2220,1890
ADCMAP,2224,1892
ADCMAP,2228,1895
ADCMAP,2232,1899
ADCMAP,2236,1904
ADCMAP,2240,1905
ADCMAP,2244,1910
ADCMAP,2248,1912
ADCMAP,2252,1915
ADCMAP,2256,1920
ADCMAP,2260,1923
ADCMAP,2264,1925
ADCMAP,2268,1929
ADCMAP,2272,1933
ADCMAP,2276,1937
ADCMAP,2280,1939
ADCMAP,2284,1943
ADCMAP,2288,1946
ADCMAP,2292,1949
ADCMAP,2296,1953
ADCMAP,2300,1955
ADCMAP,2304,1959
ADCMAP,2308,1963
ADCMAP,2312,1967
ADCMAP,2316,1969
ADCMAP,2320,1973
ADCMAP,2324,1975
ADCMAP,2328,1980
ADCMAP,2332,1983
ADCMAP,2336,1987
ADCMAP,2340,1989
ADCMAP,2344,1994
ADCMAP,2348,1996
ADCMAP,2352,2000
ADCMAP,2356,2003
ADCMAP,2360,2007
ADCMAP,2364,2010
ADCMAP,2368,2012
ADCMAP,2372,2016
ADCMAP,2376,2019
ADCMAP,2380,2024
ADCMAP,2384,2026
ADCMAP,2388,2030
ADCMAP,2392,2032
ADCMAP,2396,2037
ADCMAP,2400,2039
ADCMAP,2404,2043
ADCMAP,2408,2047
ADCMAP,2412,2049
ADCMAP,2416,2053
ADCMAP,2420,2057
ADCMAP,2424,2060
ADCMAP,2428,2063
ADCMAP,2432,2066
ADCMAP,2436,2069
ADCMAP,2440,2073
ADCMAP,2444,2076
ADCMAP,2448,2079
ADCMAP,2452,2082
ADCMAP,2456,2086
ADCMAP,2460,2089
ADCMAP,2464,2093
ADCMAP,2468,2096
ADCMAP,2472,2100
ADCMAP,2476,2102
ADCMAP,2480,2106
ADCMAP,2484,2108
ADCMAP,2488,2113
ADCMAP,2492,2116
ADCMAP,2496,2119
ADCMAP,2500,2122
ADCMAP,2504,2127
ADCMAP,2508,2129
ADCMAP,2512,2132
ADCMAP,2516,2135
ADCMAP,2520,2138
ADCMAP,2524,2142
ADCMAP,2528,2145
ADCMAP,2532,2148
ADCMAP,2536,2151
ADCMAP,2540,2155
ADCMAP,2544,2158
ADCMAP,2548,2161
ADCMAP,2552,2165
ADCMAP,2556,2168
ADCMAP,2560,2172
ADCMAP,2564,2175
ADCMAP,2568,2178
ADCMAP,2572,2180
ADCMAP,2576,2186
ADCMAP,2580,2188
ADCMAP,2584,2191
ADCMAP,2588,2194
ADCMAP,2592,2197
ADCMAP,2596,2201
ADCMAP,2600,2204
ADCMAP,2604,2207
ADCMAP,2608,2210
ADCMAP,2612,2214
ADCMAP,2616,2217
ADCMAP,2620,2220
ADCMAP,2624,2224
ADCMAP,2628,2226
ADCMAP,2632,2231
ADCMAP,2636,2233
ADCMAP,2640,2238
ADCMAP,2644,2240
ADCMAP,2648,2244
ADCMAP,2652,2247
ADCMAP,2656,2249
ADCMAP,2660,2253
ADCMAP,2664,2255
ADCMAP,2668,2260
ADCMAP,2672,2263
ADCMAP,2676,2266
ADCMAP,2680,2268
ADCMAP,2684,2273
ADCMAP,2688,2275
ADCMAP,2692,2279
ADCMAP,2696,2281
ADCMAP,2700,2286
ADCMAP,2704,2288
ADCMAP,2708,2292
ADCMAP,2712,2295
ADCMAP,2716,2298
ADCMAP,2720,2302
ADCMAP,2724,2306
ADCMAP,2728,2308
ADCMAP,2732,2310
ADCMAP,2736,2314
ADCMAP,2740,2317
ADCMAP,2744,2320
ADCMAP,2748,2323
ADCMAP,2752,2326
ADCMAP,2756,2330
ADCMAP,2760,2333
ADCMAP,2764,2337
ADCMAP,2768,2339
ADCMAP,2772,2343
ADCMAP,2776,2347
ADCMAP,2780,2349
ADCMAP,2784,2352
ADCMAP,2788,2354
ADCMAP,2792,2359
ADCMAP,2796,2362
ADCMAP,2800,2364
ADCMAP,2804,2368
ADCMAP,2808,2372
ADCMAP,2812,2375
ADCMAP,2816,2377
ADCMAP,2820,2381
ADCMAP,2824,2384
ADCMAP,2828,2388
ADCMAP,2832,2389
ADCMAP,2836,2394
ADCMAP,2840,2396
ADCMAP,2844,2400
ADCMAP,2848,2403
ADCMAP,2852,2407
ADCMAP,2856,2409
ADCMAP,2860,2412
ADCMAP,2864,2415
ADCMAP,2868,2419
ADCMAP,2872,2421
ADCMAP,2876,2424
ADCMAP,2880,2428
ADCMAP,2884,2430
ADCMAP,2888,2435
ADCMAP,2892,2437
ADCMAP,2896,2440
ADCMAP,2900,2443
ADCMAP,2904,2447
ADCMAP,2908,2449
ADCMAP,2912,2453
ADCMAP,2916,2456
ADCMAP,2920,2458
ADCMAP,2924,2461
ADCMAP,2928,2465
ADCMAP,2932,2468
ADCMAP,2936,2472
ADCMAP,2940,2474
ADCMAP,2944,2478
ADCMAP,2948,2480
ADCMAP,2952,2484
ADCMAP,2956,2487
ADCMAP,2960,2489
ADCMAP,2964,2492
ADCMAP,2968,2494
ADCMAP,2972,2500
ADCMAP,2976,2502
ADCMAP,2980,2505
ADCMAP,2984,2507
ADCMAP,2988,2512
ADCMAP,2992,2514
ADCMAP,2996,2517
ADCMAP,3000,2519
ADCMAP,3004,2524
ADCMAP,3008,2526
ADCMAP,3012,2530
ADCMAP,3016,2532
ADCMAP,3020,2535
ADCMAP,3024,2539
ADCMAP,3028,2541
ADCMAP,3032,2544
ADCMAP,3036,2546
ADCMAP,3040,2551
ADCMAP,3044,2554
ADCMAP,3048,2557
ADCMAP,3052,2559
ADCMAP,3056,2562
ADCMAP,3060,2565
ADCMAP,3064,2568
ADCMAP,3068,2571
ADCMAP,3072,2574
ADCMAP,3076,2578
ADCMAP,3080,2581
ADCMAP,3084,2582
ADCMAP,3088,2586
ADCMAP,3092,2589
ADCMAP,3096,2593
ADCMAP,3100,2596
ADCMAP,3104,2598
ADCMAP,3108,2600
ADCMAP,3112,2604
ADCMAP,3116,2607
ADCMAP,3120,2610
ADCMAP,3124,2612
ADCMAP,3128,2615
ADCMAP,3132,2619
ADCMAP,3136,2622
ADCMAP,3140,2624
ADCMAP,3144,2627
ADCMAP,3148,2630
ADCMAP,3152,2633
ADCMAP,3156,2636
ADCMAP,3160,2638
ADCMAP,3164,2641
ADCMAP,3168,2645
ADCMAP,3172,2648
ADCMAP,3176,2651
ADCMAP,3180,2652
ADCMAP,3184,2657
ADCMAP,3188,2659
ADCMAP,3192,2662
ADCMAP,3196,2664
ADCMAP,3200,2668
ADCMAP,3204,2671
ADCMAP,3208,2673
ADCMAP,3212,2676
ADCMAP,3216,2679
ADCMAP,3220,2683
ADCMAP,3224,2685
ADCMAP,3228,2686
ADCMAP,3232,2691
ADCMAP,3236,2692
ADCMAP,3240,2696
ADCMAP,3244,2699
ADCMAP,3248,2701
ADCMAP,3252,2704
ADCMAP,3256,2708
ADCMAP,3260,2711
ADCMAP,3264,2713
ADCMAP,3268,2715
ADCMAP,3272,2718
ADCMAP,3276,2721
ADCMAP,3280,2725
ADCMAP,3284,2727
ADCMAP,3288,2729
ADCMAP,3292,2733
ADCMAP,3296,2735
ADCMAP,3300,2738
ADCMAP,3304,2740
ADCMAP,3308,2744
ADCMAP,3312,2746
ADCMAP,3316,2749
ADCMAP,3320,2751
ADCMAP,3324,2753
ADCMAP,3328,2757
ADCMAP,3332,2759
ADCMAP,3336,2762
ADCMAP,3340,2765
ADCMAP,3344,2769
ADCMAP,3348,2770
ADCMAP,3352,2772
ADCMAP,3356,2775
ADCMAP,3360,2778
ADCMAP,3364,2781
ADCMAP,3368,2785
ADCMAP,3372,2787
ADCMAP,3376,2789
ADCMAP,3380,2792
ADCMAP,3384,2795
ADCMAP,3388,2797
ADCMAP,3392,2800
ADCMAP,3396,2803
ADCMAP,3400,2805
ADCMAP,3404,2808
ADCMAP,3408,2810
ADCMAP,3412,2813
ADCMAP,3416,2815
ADCMAP,3420,2818
ADCMAP,3424,2820
ADCMAP,3428,2823
ADCMAP,3432,2825
ADCMAP,3436,2829
ADCMAP,3440,2831
ADCMAP,3444,2833
ADCMAP,3448,2836
ADCMAP,3452,2840
ADCMAP,3456,2841
ADCMAP,3460,2844
ADCMAP,3464,2847
ADCMAP,3468,2850
ADCMAP,3472,2851
ADCMAP,3476,2854
ADCMAP,3480,2857
ADCMAP,3484,2859
ADCMAP,3488,2861
ADCMAP,3492,2864
ADCMAP,3496,2867
ADCMAP,3500,2869
ADCMAP,3504,2872
ADCMAP,3508,2875
ADCMAP,3512,2876
ADCMAP,3516,2879
ADCMAP,3520,2881
ADCMAP,3524,2884
ADCMAP,3528,2887
ADCMAP,3532,2888
ADCMAP,3536,2891
ADCMAP,3540,2894
ADCMAP,3544,2896
ADCMAP,3548,2898
ADCMAP,3552,2901
ADCMAP,3556,2903
ADCMAP,3560,2905
ADCMAP,3564,2909
ADCMAP,3568,2911
ADCMAP,3572,2913
ADCMAP,3576,2916
ADCMAP,3580,2918
ADCMAP,3584,2920
ADCMAP,3588,2923
ADCMAP,3592,2925
ADCMAP,3596,2928
ADCMAP,3600,2930
ADCMAP,3604,2933
ADCMAP,3608,2934
ADCMAP,3612,2937
ADCMAP,3616,2939
ADCMAP,3620,2941
ADCMAP,3624,2944
ADCMAP,3628,2945
ADCMAP,3632,2949
ADCMAP,3636,2951
ADCMAP,3640,2953
ADCMAP,3644,2955
ADCMAP,3648,2958
ADCMAP,3652,2960
ADCMAP,3656,2962
ADCMAP,3660,2964
ADCMAP,3664,2966
ADCMAP,3668,2969
ADCMAP,3672,2970
ADCMAP,3676,2973
ADCMAP,3680,2976
ADCMAP,3684,2978
ADCMAP,3688,2981
ADCMAP,3692,2981
ADCMAP,3696,2984
ADCMAP,3700,2986
ADCMAP,3704,2989
ADCMAP,3708,2991
ADCMAP,3712,2993
ADCMAP,3716,2995
ADCMAP,3720,2997
ADCMAP,3724,3000
ADCMAP,3728,3001
ADCMAP,3732,3004
ADCMAP,3736,3006
ADCMAP,3740,3008
ADCMAP,3744,3011
ADCMAP,3748,3012
ADCMAP,3752,3015
ADCMAP,3756,3017
ADCMAP,3760,3019
ADCMAP,3764,3020
ADCMAP,3768,3022
ADCMAP,3772,3024
ADCMAP,3776,3027
ADCMAP,3780,3028
ADCMAP,3784,3031
ADCMAP,3788,3032
ADCMAP,3792,3035
ADCMAP,3796,3036
ADCMAP,3800,3039
ADCMAP,3804,3040
ADCMAP,3808,3044
ADCMAP,3812,3045
ADCMAP,3816,3047
ADCMAP,3820,3048
ADCMAP,3824,3051
ADCMAP,3828,3053
ADCMAP,3832,3056
ADCMAP,3836,3057
ADCMAP,3840,3059
ADCMAP,3844,3061
ADCMAP,3848,3063
ADCMAP,3852,3065
ADCMAP,3856,3066
ADCMAP,3860,3067
ADCMAP,3864,3070
ADCMAP,3868,3072
ADCMAP,3872,3073
ADCMAP,3876,3076
ADCMAP,3880,3077
ADCMAP,3884,3080
ADCMAP,3888,3081
ADCMAP,3892,3084
ADCMAP,3896,3084
ADCMAP,3900,3087
ADCMAP,3904,3089
ADCMAP,3908,3090
ADCMAP,3912,3092
ADCMAP,3916,3095
ADCMAP,3920,3095
ADCMAP,3924,3098
ADCMAP,3928,3099
ADCMAP,3932,3101
ADCMAP,3936,3103
ADCMAP,3940,3104
ADCMAP,3944,3106
ADCMAP,3948,3107
ADCMAP,3952,3111
ADCMAP,3956,3111
ADCMAP,3960,3112
ADCMAP,3964,3115
ADCMAP,3968,3116
ADCMAP,3972,3118
ADCMAP,3976,3120
ADCMAP,3980,3121
ADCMAP,3984,3123
ADCMAP,3988,3125
ADCMAP,3992,3126
ADCMAP,3996,3128
ADCMAP,4000,3130
ADCMAP,4004,3130
ADCMAP,4008,3133
ADCMAP,4012,3135
ADCMAP,4016,3135
ADCMAP,4020,3137
ADCMAP,4024,3140
ADCMAP,4028,3140
ADCMAP,4032,3142
ADCMAP,4036,3143
ADCMAP,4040,3144
ADCMAP,4044,3147
ADCMAP,4048,3148
ADCMAP,4052,3149
ADCMAP,4056,3150
ADCMAP,4060,3153
ADCMAP,4064,3154
ADCMAP,4068,3155
ADCMAP,4072,3157
ADCMAP,4076,3158
ADCMAP,4080,3159
ADCMAP,4084,3160
ADCMAP,4088,3162
ADCMAP,4092,3163
ADCMAP_END