ESP-ROM:esp32s3-20210327
Build:Mar 27 2021
rst:0x1 (POWERON),boot:0x8 (SPI_FAST_FLASH_BOOT)
SPIWP:0xee
mode:DIO, clock div:1
load:0x3fce2810,len:0x15a0
load:0x403c8700,len:0x4
load:0x403c8704,len:0xd20
load:0x403cb700,len:0x2f00
entry 0x403c8928
I (27) boot: ESP-IDF v5.4.1 2nd stage bootloader
I (27) boot: compile time Aug 19 2026 19:02:42
I (27) boot: Multicore bootloader
I (27) boot: chip revision: v0.2
I (30) boot: efuse block revision: v1.3
I (33) boot.esp32s3: Boot SPI Speed : 80MHz
I (37) boot.esp32s3: SPI Mode       : DIO
I (41) boot.esp32s3: SPI Flash Size : 16MB
I (45) boot: Enabling RNG early entropy source...
I (49) boot: Partition Table:
I (52) boot: ## Label            Usage          Type ST Offset   Length
I (58) boot:  0 nvs              WiFi data        01 02 00009000 00006000
I (65) boot:  1 phy_init         RF data          01 01 0000f000 00001000
I (71) boot:  2 factory          factory app      00 00 00010000 00100000
I (78) boot: End of partition table
I (81) esp_image: segment 0: paddr=00010020 vaddr=3c020020 size=0b59ch ( 46492) map
I (97) esp_image: segment 1: paddr=0001b5c4 vaddr=3fc92400 size=02a88h ( 10888) load
I (99) esp_image: segment 2: paddr=0001e054 vaddr=40374000 size=01fc4h (  8132) load
I (105) esp_image: segment 3: paddr=00020020 vaddr=42000020 size=1a020h (106528) map
I (130) esp_image: segment 4: paddr=0003a048 vaddr=40375fc4 size=0c33ch ( 49980) load
I (141) esp_image: segment 5: paddr=0004638c vaddr=600fe100 size=0001ch (    28) load
I (147) boot: Loaded app from partition at offset 0x10000
I (147) boot: Disabling RNG early entropy source...
I (159) cpu_start: Multicore app
I (168) cpu_start: Pro cpu start user code
I (168) cpu_start: cpu freq: 160000000 Hz
I (168) app_init: Application information:
I (168) app_init: Project name:     vbat-cal
I (172) app_init: App version:      14b0b05-dirty
I (176) app_init: Compile time:     Aug 19 2026 19:02:39
I (181) app_init: ELF file SHA256:  5ecdd6674...
I (186) app_init: ESP-IDF:          v5.4.1
I (189) efuse_init: Min chip rev:     v0.0
I (193) efuse_init: Max chip rev:     v0.99
I (197) efuse_init: Chip rev:         v0.2
I (201) heap_init: Initializing. RAM available for dynamic allocation:
I (207) heap_init: At 3FC957B8 len 00053F58 (335 KiB): RAM
I (212) heap_init: At 3FCE9710 len 00005724 (21 KiB): RAM
I (218) heap_init: At 3FCF0000 len 00008000 (32 KiB): DRAM
I (223) heap_init: At 600FE11C len 00001ECC (7 KiB): RTCRAM
I (229) spi_flash: detected chip: boya
I (232) spi_flash: flash io: dio
I (235) sleep_gpio: Configure to isolate all GPIO pins in sleep state
I (241) sleep_gpio: Enable automatic switching of GPIO sleep configuration
I (248) main_task: Started on CPU0
I (288) main_task: Calling app_main()
I (288) vbat_cal: ADC calibration: CURVE FITTING (eFuse)

=== RLC VBAT raw ADC readout ===
GPIO 1, ADC1, 12-bit, 12 dB attenuation (same config as rlc_battery.c)
Averaging 64 samples, updating every 500 ms.
ADCMAP_BEGIN,raw,mv
ADCMAP,0,0
ADCMAP,4,3
ADCMAP,8,6
ADCMAP,12,10
ADCMAP,16,13
ADCMAP,20,18
ADCMAP,24,21
ADCMAP,28,25
ADCMAP,32,28
ADCMAP,36,32
ADCMAP,40,36
ADCMAP,44,40
ADCMAP,48,43
ADCMAP,52,47
ADCMAP,56,51
ADCMAP,60,54
ADCMAP,64,58
ADCMAP,68,61
ADCMAP,72,65
ADCMAP,76,69
ADCMAP,80,73
ADCMAP,84,76
ADCMAP,88,80
ADCMAP,92,84
ADCMAP,96,88
ADCMAP,100,91
ADCMAP,104,94
ADCMAP,108,97
ADCMAP,112,102
ADCMAP,116,105
ADCMAP,120,108
ADCMAP,124,112
ADCMAP,128,116
ADCMAP,132,120
ADCMAP,136,123
ADCMAP,140,127
ADCMAP,144,130
ADCMAP,148,134
ADCMAP,152,137
ADCMAP,156,141
ADCMAP,160,144
ADCMAP,164,149
ADCMAP,168,152
ADCMAP,172,156
ADCMAP,176,159
ADCMAP,180,161
ADCMAP,184,166
ADCMAP,188,169
ADCMAP,192,173
ADCMAP,196,176
ADCMAP,200,181
ADCMAP,204,183
ADCMAP,208,187
ADCMAP,212,190
ADCMAP,216,195
ADCMAP,220,198
ADCMAP,224,202
ADCMAP,228,204
ADCMAP,232,208
ADCMAP,236,212
ADCMAP,240,215
ADCMAP,244,219
ADCMAP,248,222
ADCMAP,252,226
ADCMAP,256,229
ADCMAP,260,233
ADCMAP,264,236
ADCMAP,268,240
ADCMAP,272,243
ADCMAP,276,247
ADCMAP,280,251
ADCMAP,284,255
ADCMAP,288,258
ADCMAP,292,262
ADCMAP,296,265
ADCMAP,300,268
ADCMAP,304,272
ADCMAP,308,275
ADCMAP,312,279
ADCMAP,316,282
ADCMAP,320,286
ADCMAP,324,289
ADCMAP,328,293
ADCMAP,332,296
ADCMAP,336,300
ADCMAP,340,302
ADCMAP,344,307
ADCMAP,348,310
ADCMAP,352,313
ADCMAP,356,317
ADCMAP,360,321
ADCMAP,364,325
ADCMAP,368,327
ADCMAP,372,331
ADCMAP,376,334
ADCMAP,380,338
ADCMAP,384,341
ADCMAP,388,345
ADCMAP,392,348
ADCMAP,396,352
ADCMAP,400,355
ADCMAP,404,360
ADCMAP,408,362
ADCMAP,412,365
ADCMAP,416,370
ADCMAP,420,372
ADCMAP,424,376
ADCMAP,428,379
ADCMAP,432,383
ADCMAP,436,386
ADCMAP,440,390
ADCMAP,444,393
ADCMAP,448,398
ADCMAP,452,401
ADCMAP,456,404
ADCMAP,460,407
ADCMAP,464,411
ADCMAP,468,414
ADCMAP,472,417
ADCMAP,476,420
ADCMAP,480,424
ADCMAP,484,428
ADCMAP,488,431
ADCMAP,492,435
ADCMAP,496,438
ADCMAP,500,441
ADCMAP,504,445
ADCMAP,508,449
ADCMAP,512,452
ADCMAP,516,456
ADCMAP,520,458
ADCMAP,524,463
ADCMAP,528,465
ADCMAP,532,468
ADCMAP,536,473
ADCMAP,540,476
ADCMAP,544,480
ADCMAP,548,482
ADCMAP,552,486
ADCMAP,556,488
ADCMAP,560,494
ADCMAP,564,497
ADCMAP,568,500
ADCMAP,572,503
ADCMAP,576,507
ADCMAP,580,510
ADCMAP,584,514
ADCMAP,588,517
ADCMAP,592,519
ADCMAP,596,524
ADCMAP,600,527
ADCMAP,604,530
ADCMAP,608,533
ADCMAP,612,537
ADCMAP,616,540
ADCMAP,620,543
ADCMAP,624,547
ADCMAP,628,551
ADCMAP,632,554
ADCMAP,636,557
ADCMAP,640,561
ADCMAP,644,563
ADCMAP,648,568
ADCMAP,652,570
ADCMAP,656,574
ADCMAP,660,577
ADCMAP,664,582
ADCMAP,668,584
ADCMAP,672,588
ADCMAP,676,591
ADCMAP,680,594
ADCMAP,684,598
ADCMAP,688,601
ADCMAP,692,605
ADCMAP,696,608
ADCMAP,700,612
ADCMAP,704,614
ADCMAP,708,619
ADCMAP,712,621
ADCMAP,716,625
ADCMAP,720,628
ADCMAP,724,631
ADCMAP,728,634
ADCMAP,732,638
ADCMAP,736,642
ADCMAP,740,645
ADCMAP,744,648
ADCMAP,748,652
ADCMAP,752,654
ADCMAP,756,659
ADCMAP,760,662
ADCMAP,764,665
ADCMAP,768,668
ADCMAP,772,673
ADCMAP,776,676
ADCMAP,780,678
ADCMAP,784,683
ADCMAP,788,685
ADCMAP,792,689
ADCMAP,796,692
ADCMAP,800,695
ADCMAP,804,698
ADCMAP,808,703
ADCMAP,812,705
ADCMAP,816,710
ADCMAP,820,712
ADCMAP,824,715
ADCMAP,828,720
ADCMAP,832,722
ADCMAP,836,725
ADCMAP,840,729
ADCMAP,844,733
ADCMAP,848,736
ADCMAP,852,739
ADCMAP,856,741
ADCMAP,860,746
ADCMAP,864,749
ADCMAP,868,753
ADCMAP,872,756
ADCMAP,876,759
ADCMAP,880,763
ADCMAP,884,766
ADCMAP,888,770
ADCMAP,892,772
ADCMAP,896,777
ADCMAP,900,780
ADCMAP,904,782
ADCMAP,908,785
ADCMAP,912,788
ADCMAP,916,793
ADCMAP,920,796
ADCMAP,924,799
ADCMAP,928,803
ADCMAP,932,806
ADCMAP,936,810
ADCMAP,940,814
ADCMAP,944,815
ADCMAP,948,819
ADCMAP,952,822
ADCMAP,956,827
ADCMAP,960,829
ADCMAP,964,833
ADCMAP,968,835
ADCMAP,972,840
ADCMAP,976,843
ADCMAP,980,846
ADCMAP,984,848
ADCMAP,988,853
ADCMAP,992,856
ADCMAP,996,859
ADCMAP,1000,862
ADCMAP,1004,865
ADCMAP,1008,871
ADCMAP,1012,873
ADCMAP,1016,876
ADCMAP,1020,878
ADCMAP,1024,883
ADCMAP,1028,886
ADCMAP,1032,890
ADCMAP,1036,893
ADCMAP,1040,897
ADCMAP,1044,899
ADCMAP,1048,902
ADCMAP,1052,906
ADCMAP,1056,909
ADCMAP,1060,913
ADCMAP,1064,916
ADCMAP,1068,920
ADCMAP,1072,922
ADCMAP,1076,927
ADCMAP,1080,929
ADCMAP,1084,933
ADCMAP,1088,936
ADCMAP,1092,939
ADCMAP,1096,944
ADCMAP,1100,947
ADCMAP,1104,949
ADCMAP,1108,953
ADCMAP,1112,957
ADCMAP,1116,959
ADCMAP,1120,963
ADCMAP,1124,966
ADCMAP,1128,969
ADCMAP,1132,973
ADCMAP,1136,977
ADCMAP,1140,980
ADCMAP,1144,982
ADCMAP,1148,986
ADCMAP,1152,990
ADCMAP,1156,992
ADCMAP,1160,996
ADCMAP,1164,1000
ADCMAP,1168,1004
ADCMAP,1172,1007
ADCMAP,1176,1009
ADCMAP,1180,1013
ADCMAP,1184,1017
ADCMAP,1188,1020
ADCMAP,1192,1022
ADCMAP,1196,1026
ADCMAP,1200,1029
ADCMAP,1204,1034
ADCMAP,1208,1035
ADCMAP,1212,1039
ADCMAP,1216,1043
ADCMAP,1220,1047
ADCMAP,1224,1050
ADCMAP,1228,1054
ADCMAP,1232,1056
ADCMAP,1236,1059
ADCMAP,1240,1064
ADCMAP,1244,1066
ADCMAP,1248,1070
ADCMAP,1252,1073
ADCMAP,1256,1078
ADCMAP,1260,1079
ADCMAP,1264,1083
ADCMAP,1268,1086
ADCMAP,1272,1091
ADCMAP,1276,1093
ADCMAP,1280,1097
ADCMAP,1284,1100
ADCMAP,1288,1103
ADCMAP,1292,1107
ADCMAP,1296,1109
ADCMAP,1300,1114
ADCMAP,1304,1116
ADCMAP,1308,1120
ADCMAP,1312,1123
ADCMAP,1316,1127
ADCMAP,1320,1129
ADCMAP,1324,1133
ADCMAP,1328,1137
ADCMAP,1332,1141
ADCMAP,1336,1143
ADCMAP,1340,1147
ADCMAP,1344,1151
ADCMAP,1348,1153
ADCMAP,1352,1157
ADCMAP,1356,1160
ADCMAP,1360,1162
ADCMAP,1364,1166
ADCMAP,1368,1170
ADCMAP,1372,1173
ADCMAP,1376,1176
ADCMAP,1380,1179
ADCMAP,1384,1184
ADCMAP,1388,1186
ADCMAP,1392,1191
ADCMAP,1396,1194
ADCMAP,1400,1198
ADCMAP,1404,1201
ADCMAP,1408,1204
ADCMAP,1412,1206
ADCMAP,1416,1209
ADCMAP,1420,1214
ADCMAP,1424,1216
ADCMAP,1428,1220
ADCMAP,1432,1223
ADCMAP,1436,1228
ADCMAP,1440,1231
ADCMAP,1444,1233
ADCMAP,1448,1236
ADCMAP,1452,1241
ADCMAP,1456,1243
ADCMAP,1460,1248
ADCMAP,1464,1251
ADCMAP,1468,1253
ADCMAP,1472,1258
ADCMAP,1476,1260
ADCMAP,1480,1264
ADCMAP,1484,1267
ADCMAP,1488,1271
ADCMAP,1492,1274
ADCMAP,1496,1278
ADCMAP,1500,1280
ADCMAP,1504,1284
ADCMAP,1508,1287
ADCMAP,1512,1292
ADCMAP,1516,1294
ADCMAP,1520,1297
ADCMAP,1524,1300
ADCMAP,1528,1303
ADCMAP,1532,1308
ADCMAP,1536,1310
ADCMAP,1540,1315
ADCMAP,1544,1317
ADCMAP,1548,1321
ADCMAP,1552,1323
ADCMAP,1556,1328
ADCMAP,1560,1331
ADCMAP,1564,1335
ADCMAP,1568,1338
ADCMAP,1572,1341
ADCMAP,1576,1344
ADCMAP,1580,1348
ADCMAP,1584,1351
ADCMAP,1588,1353
ADCMAP,1592,1358
ADCMAP,1596,1361
ADCMAP,1600,1365
ADCMAP,1604,1367
ADCMAP,1608,1372
ADCMAP,1612,1374
ADCMAP,1616,1379
ADCMAP,1620,1381
ADCMAP,1624,1386
ADCMAP,1628,1387
ADCMAP,1632,1392
ADCMAP,1636,1395
ADCMAP,1640,1398
ADCMAP,1644,1401
ADCMAP,1648,1403
ADCMAP,1652,1409
ADCMAP,1656,1411
ADCMAP,1660,1415
ADCMAP,1664,1417
ADCMAP,1668,1422
ADCMAP,1672,1424
ADCMAP,1676,1428
ADCMAP,1680,1431
ADCMAP,1684,1435
ADCMAP,1688,1439
ADCMAP,1692,1442
ADCMAP,1696,1445
ADCMAP,1700,1447
ADCMAP,1704,1452
ADCMAP,1708,1455
ADCMAP,1712,1458
ADCMAP,1716,1462
ADCMAP,1720,1466
ADCMAP,1724,1468
ADCMAP,1728,1473
ADCMAP,1732,1474
ADCMAP,1736,1478
ADCMAP,1740,1483
ADCMAP,1744,1486
ADCMAP,1748,1488
ADCMAP,1752,1492
ADCMAP,1756,1496
ADCMAP,1760,1499
ADCMAP,1764,1502
ADCMAP,1768,1504
ADCMAP,1772,1508
ADCMAP,1776,1512
ADCMAP,1780,1516
ADCMAP,1784,1518
ADCMAP,1788,1523
ADCMAP,1792,1526
ADCMAP,1796,1529
ADCMAP,1800,1533
ADCMAP,1804,1536
ADCMAP,1808,1538
ADCMAP,1812,1543
ADCMAP,1816,1546
ADCMAP,1820,1549
ADCMAP,1824,1552
ADCMAP,1828,1555
ADCMAP,1832,1560
ADCMAP,1836,1562
ADCMAP,1840,1566
ADCMAP,1844,1569
ADCMAP,1848,1574
ADCMAP,1852,1577
ADCMAP,1856,1580
ADCMAP,1860,1582
ADCMAP,1864,1588
ADCMAP,1868,1590
ADCMAP,1872,1593
ADCMAP,1876,1596
ADCMAP,1880,1600
ADCMAP,1884,1604
ADCMAP,1888,1607
ADCMAP,1892,1610
ADCMAP,1896,1613
ADCMAP,1900,1617
ADCMAP,1904,1621
ADCMAP,1908,1624
ADCMAP,1912,1627
ADCMAP,1916,1630
ADCMAP,1920,1634
ADCMAP,1924,1637
ADCMAP,1928,1640
ADCMAP,1932,1643
ADCMAP,1936,1647
ADCMAP,1940,1650
ADCMAP,1944,1653
ADCMAP,1948,1656
ADCMAP,1952,1660
ADCMAP,1956,1664
ADCMAP,1960,1667
ADCMAP,1964,1670
ADCMAP,1968,1673
ADCMAP,1972,1677
ADCMAP,1976,1681
ADCMAP,1980,1684
ADCMAP,1984,1687
ADCMAP,1988,1691
ADCMAP,1992,1694
ADCMAP,1996,1698
ADCMAP,2000,1700
ADCMAP,2004,1704
ADCMAP,2008,1708
ADCMAP,2012,1711
ADCMAP,2016,1714
ADCMAP,2020,1718
ADCMAP,2024,1721
ADCMAP,2028,1725
ADCMAP,2032,1727
ADCMAP,2036,1732
ADCMAP,2040,1734
ADCMAP,2044,1739
ADCMAP,2048,1742
ADCMAP,2052,1745
ADCMAP,2056,1748
ADCMAP,2060,1750
ADCMAP,2064,1755
ADCMAP,2068,1757
ADCMAP,2072,1761
ADCMAP,2076,1764
ADCMAP,2080,1769
ADCMAP,2084,1772
ADCMAP,2088,1775
ADCMAP,2092,1778
ADCMAP,2096,1782
ADCMAP,2100,1785
ADCMAP,2104,1788
ADCMAP,2108,1791
ADCMAP,2112,1794
ADCMAP,2116,1798
ADCMAP,2120,1801
ADCMAP,2124,1805
ADCMAP,2128,1809
ADCMAP,2132,1812
ADCMAP,2136,1815
ADCMAP,2140,1819
ADCMAP,2144,1822
ADCMAP,2148,1825
ADCMAP,2152,1829
ADCMAP,2156,1833
ADCMAP,2160,1835
ADCMAP,2164,1838
ADCMAP,2168,1842
ADCMAP,2172,1844
ADCMAP,2176,1849
ADCMAP,2180,1852
ADCMAP,2184,1855
ADCMAP,2188,1858
ADCMAP,2192,1862
ADCMAP,2196,1865
ADCMAP,2200,1869
ADCMAP,2204,1873
ADCMAP,2208,1877
ADCMAP,2212,1878
ADCMAP,2216,1882
ADCMAP,2220,1886
ADCMAP,2224,1889
ADCMAP,2228,1892
ADCMAP,2232,1896
ADCMAP,2236,1899
ADCMAP,2240,1902
ADCMAP,2244,1905
ADCMAP,2248,1908
ADCMAP,2252,1912
ADCMAP,2256,1914
ADCMAP,2260,1920
ADCMAP,2264,1922
ADCMAP,2268,1925
ADCMAP,2272,1929
ADCMAP,2276,1933
ADCMAP,2280,1936
ADCMAP,2284,1939
ADCMAP,2288,1943
ADCMAP,2292,1945
ADCMAP,2296,1949
ADCMAP,2300,1952
ADCMAP,2304,1955
ADCMAP,2308,1959
ADCMAP,2312,1963
ADCMAP,2316,1966
ADCMAP,2320,1969
ADCMAP,2324,1973
ADCMAP,2328,1975
ADCMAP,2332,1979
ADCMAP,2336,1983
ADCMAP,2340,1985
ADCMAP,2344,1989
ADCMAP,2348,1993
ADCMAP,2352,1996
ADCMAP,2356,1999
ADCMAP,2360,2002
ADCMAP,2364,2005
ADCMAP,2368,2009
ADCMAP,2372,2012
ADCMAP,2376,2015
ADCMAP,2380,2019
ADCMAP,2384,2023
ADCMAP,2388,2026
ADCMAP,2392,2028
ADCMAP,2396,2032
ADCMAP,2400,2035
ADCMAP,2404,2039
ADCMAP,2408,2043
ADCMAP,2412,2045
ADCMAP,2416,2048
ADCMAP,2420,2052
ADCMAP,2424,2056
ADCMAP,2428,2058
ADCMAP,2432,2061
ADCMAP,2436,2065
ADCMAP,2440,2069
ADCMAP,2444,2072
ADCMAP,2448,2076
ADCMAP,2452,2078
ADCMAP,2456,2082
ADCMAP,2460,2085
ADCMAP,2464,2087
ADCMAP,2468,2091
ADCMAP,2472,2095
ADCMAP,2476,2098
ADCMAP,2480,2102
ADCMAP,2484,2105
ADCMAP,2488,2108
ADCMAP,2492,2113
ADCMAP,2496,2115
ADCMAP,2500,2119
ADCMAP,2504,2121
ADCMAP,2508,2126
ADCMAP,2512,2128
ADCMAP,2516,2132
ADCMAP,2520,2135
ADCMAP,2524,2137
ADCMAP,2528,2142
ADCMAP,2532,2144
ADCMAP,2536,2148
ADCMAP,2540,2150
ADCMAP,2544,2155
ADCMAP,2548,2157
ADCMAP,2552,2161
ADCMAP,2556,2164
ADCMAP,2560,2167
ADCMAP,2564,2171
ADCMAP,2568,2174
ADCMAP,2572,2176
ADCMAP,2576,2179
ADCMAP,2580,2184
ADCMAP,2584,2186
ADCMAP,2588,2190
ADCMAP,2592,2192
ADCMAP,2596,2197
ADCMAP,2600,2200
ADCMAP,2604,2203
ADCMAP,2608,2206
ADCMAP,2612,2210
ADCMAP,2616,2213
ADCMAP,2620,2217
ADCMAP,2624,2220
ADCMAP,2628,2223
ADCMAP,2632,2225
ADCMAP,2636,2229
ADCMAP,2640,2233
ADCMAP,2644,2235
ADCMAP,2648,2238
ADCMAP,2652,2242
ADCMAP,2656,2246
ADCMAP,2660,2249
ADCMAP,2664,2252
ADCMAP,2668,2254
ADCMAP,2672,2259
ADCMAP,2676,2261
ADCMAP,2680,2266
ADCMAP,2684,2268
ADCMAP,2688,2272
ADCMAP,2692,2275
ADCMAP,2696,2277
ADCMAP,2700,2280
ADCMAP,2704,2284
ADCMAP,2708,2287
ADCMAP,2712,2290
ADCMAP,2716,2293
ADCMAP,2720,2296
ADCMAP,2724,2301
ADCMAP,2728,2303
ADCMAP,2732,2306
ADCMAP,2736,2309
ADCMAP,2740,2312
ADCMAP,2744,2316
ADCMAP,2748,2320
ADCMAP,2752,2322
ADCMAP,2756,2325
ADCMAP,2760,2330
ADCMAP,2764,2333
ADCMAP,2768,2335
ADCMAP,2772,2337
ADCMAP,2776,2341
ADCMAP,2780,2345
ADCMAP,2784,2348
ADCMAP,2788,2351
ADCMAP,2792,2354
ADCMAP,2796,2357
ADCMAP,2800,2361
ADCMAP,2804,2364
ADCMAP,2808,2367
ADCMAP,2812,2370
ADCMAP,2816,2372
ADCMAP,2820,2376
ADCMAP,2824,2379
ADCMAP,2828,2382
ADCMAP,2832,2386
ADCMAP,2836,2389
ADCMAP,2840,2392
ADCMAP,2844,2395
ADCMAP,2848,2398
ADCMAP,2852,2402
ADCMAP,2856,2404
ADCMAP,2860,2408
ADCMAP,2864,2410
ADCMAP,2868,2414
ADCMAP,2872,2417
ADCMAP,2876,2419
ADCMAP,2880,2424
ADCMAP,2884,2426
ADCMAP,2888,2430
ADCMAP,2892,2432
ADCMAP,2896,2435
ADCMAP,2900,2438
ADCMAP,2904,2443
ADCMAP,2908,2445
ADCMAP,2912,2448
ADCMAP,2916,2450
ADCMAP,2920,2456
ADCMAP,2924,2458
ADCMAP,2928,2460
ADCMAP,2932,2463
ADCMAP,2936,2465
ADCMAP,2940,2471
ADCMAP,2944,2473
ADCMAP,2948,2475
ADCMAP,2952,2479
ADCMAP,2956,2482
ADCMAP,2960,2484
ADCMAP,2964,2489
ADCMAP,2968,2491
ADCMAP,2972,2494
ADCMAP,2976,2498
ADCMAP,2980,2501
ADCMAP,2984,2503
ADCMAP,2988,2505
ADCMAP,2992,2510
ADCMAP,2996,2512
ADCMAP,3000,2516
ADCMAP,3004,2518
ADCMAP,3008,2521
ADCMAP,3012,2524
ADCMAP,3016,2527
ADCMAP,3020,2530
ADCMAP,3024,2534
ADCMAP,3028,2538
ADCMAP,3032,2541
ADCMAP,3036,2543
ADCMAP,3040,2546
ADCMAP,3044,2548
ADCMAP,3048,2552
ADCMAP,3052,2555
ADCMAP,3056,2557
ADCMAP,3060,2560
ADCMAP,3064,2563
ADCMAP,3068,2567
ADCMAP,3072,2569
ADCMAP,3076,2573
ADCMAP,3080,2576
ADCMAP,3084,2580
ADCMAP,3088,2581
ADCMAP,3092,2584
ADCMAP,3096,2587
ADCMAP,3100,2591
ADCMAP,3104,2594
ADCMAP,3108,2596
ADCMAP,3112,2599
ADCMAP,3116,2601
ADCMAP,3120,2605
ADCMAP,3124,2608
ADCMAP,3128,2611
ADCMAP,3132,2613
ADCMAP,3136,2617
ADCMAP,3140,2620
ADCMAP,3144,2622
ADCMAP,3148,2625
ADCMAP,3152,2628
ADCMAP,3156,2631
ADCMAP,3160,2634
ADCMAP,3164,2637
ADCMAP,3168,2639
ADCMAP,3172,2643
ADCMAP,3176,2645
ADCMAP,3180,2648
ADCMAP,3184,2651
ADCMAP,3188,2654
ADCMAP,3192,2658
ADCMAP,3196,2660
ADCMAP,3200,2663
ADCMAP,3204,2665
ADCMAP,3208,2668
ADCMAP,3212,2672
ADCMAP,3216,2674
ADCMAP,3220,2677
ADCMAP,3224,2679
ADCMAP,3228,2683
ADCMAP,3232,2686
ADCMAP,3236,2688
ADCMAP,3240,2691
ADCMAP,3244,2695
ADCMAP,3248,2697
ADCMAP,3252,2700
ADCMAP,3256,2703
ADCMAP,3260,2704
ADCMAP,3264,2709
ADCMAP,3268,2710
ADCMAP,3272,2713
ADCMAP,3276,2716
ADCMAP,3280,2719
ADCMAP,3284,2722
ADCMAP,3288,2724
ADCMAP,3292,2727
ADCMAP,3296,2730
ADCMAP,3300,2734
ADCMAP,3304,2736
ADCMAP,3308,2739
ADCMAP,3312,2741
ADCMAP,3316,2745
ADCMAP,3320,2747
ADCMAP,3324,2750
ADCMAP,3328,2752
ADCMAP,3332,2756
ADCMAP,3336,2758
ADCMAP,3340,2760
ADCMAP,3344,2763
ADCMAP,3348,2766
ADCMAP,3352,2769
ADCMAP,3356,2771
ADCMAP,3360,2774
ADCMAP,3364,2776
ADCMAP,3368,2780
ADCMAP,3372,2782
ADCMAP,3376,2785
ADCMAP,3380,2787
ADCMAP,3384,2790
ADCMAP,3388,2793
ADCMAP,3392,2795
ADCMAP,3396,2798
ADCMAP,3400,2800
ADCMAP,3404,2803
ADCMAP,3408,2805
ADCMAP,3412,2808
ADCMAP,3416,2810
ADCMAP,3420,2813
ADCMAP,3424,2817
ADCMAP,3428,2820
ADCMAP,3432,2821
ADCMAP,3436,2824
ADCMAP,3440,2827
ADCMAP,3444,2830
ADCMAP,3448,2832
ADCMAP,3452,2834
ADCMAP,3456,2837
ADCMAP,3460,2840
ADCMAP,3464,2842
ADCMAP,3468,2844
ADCMAP,3472,2847
ADCMAP,3476,2850
ADCMAP,3480,2853
ADCMAP,3484,2854
ADCMAP,3488,2857
ADCMAP,3492,2859
ADCMAP,3496,2863
ADCMAP,3500,2864
ADCMAP,3504,2867
ADCMAP,3508,2870
ADCMAP,3512,2872
ADCMAP,3516,2875
ADCMAP,3520,2876
ADCMAP,3524,2879
ADCMAP,3528,2881
ADCMAP,3532,2885
ADCMAP,3536,2887
ADCMAP,3540,2890
ADCMAP,3544,2891
ADCMAP,3548,2895
ADCMAP,3552,2897
ADCMAP,3556,2899
ADCMAP,3560,2901
ADCMAP,3564,2904
ADCMAP,3568,2906
ADCMAP,3572,2909
ADCMAP,3576,2912
ADCMAP,3580,2913
ADCMAP,3584,2916
ADCMAP,3588,2918
ADCMAP,3592,2921
ADCMAP,3596,2923
ADCMAP,3600,2925
ADCMAP,3604,2928
ADCMAP,3608,2930
ADCMAP,3612,2933
ADCMAP,3616,2935
ADCMAP,3620,2937
ADCMAP,3624,2940
ADCMAP,3628,2942
ADCMAP,3632,2944
ADCMAP,3636,2946
ADCMAP,3640,2949
ADCMAP,3644,2951
ADCMAP,3648,2953
ADCMAP,3652,2955
ADCMAP,3656,2958
ADCMAP,3660,2960
ADCMAP,3664,2962
ADCMAP,3668,2965
ADCMAP,3672,2966
ADCMAP,3676,2970
ADCMAP,3680,2970
ADCMAP,3684,2973
ADCMAP,3688,2976
ADCMAP,3692,2978
ADCMAP,3696,2981
ADCMAP,3700,2981
ADCMAP,3704,2984
ADCMAP,3708,2986
ADCMAP,3712,2989
ADCMAP,3716,2991
ADCMAP,3720,2993
ADCMAP,3724,2995
ADCMAP,3728,2997
ADCMAP,3732,3000
ADCMAP,3736,3003
ADCMAP,3740,3004
ADCMAP,3744,3007
ADCMAP,3748,3008
ADCMAP,3752,3011
ADCMAP,3756,3012
ADCMAP,3760,3015
ADCMAP,3764,3017
ADCMAP,3768,3019
ADCMAP,3772,3020
ADCMAP,3776,3022
ADCMAP,3780,3025
ADCMAP,3784,3027
ADCMAP,3788,3028
ADCMAP,3792,3031
ADCMAP,3796,3033
ADCMAP,3800,3035
ADCMAP,3804,3036
ADCMAP,3808,3039
ADCMAP,3812,3040
ADCMAP,3816,3044
ADCMAP,3820,3045
ADCMAP,3824,3047
ADCMAP,3828,3048
ADCMAP,3832,3051
ADCMAP,3836,3053
ADCMAP,3840,3056
ADCMAP,3844,3057
ADCMAP,3848,3059
ADCMAP,3852,3061
ADCMAP,3856,3064
ADCMAP,3860,3065
ADCMAP,3864,3066
ADCMAP,3868,3067
ADCMAP,3872,3070
ADCMAP,3876,3072
ADCMAP,3880,3073
ADCMAP,3884,3076
ADCMAP,3888,3077
ADCMAP,3892,3080
ADCMAP,3896,3081
ADCMAP,3900,3084
ADCMAP,3904,3084
ADCMAP,3908,3087
ADCMAP,3912,3089
ADCMAP,3916,3090
ADCMAP,3920,3092
ADCMAP,3924,3095
ADCMAP,3928,3095
ADCMAP,3932,3098
ADCMAP,3936,3099
ADCMAP,3940,3101
ADCMAP,3944,3103
ADCMAP,3948,3104
ADCMAP,3952,3106
ADCMAP,3956,3107
ADCMAP,3960,3111
ADCMAP,3964,3111
ADCMAP,3968,3112
ADCMAP,3972,3115
ADCMAP,3976,3116
ADCMAP,3980,3118
ADCMAP,3984,3120
ADCMAP,3988,3121
ADCMAP,3992,3123
ADCMAP,3996,3125
ADCMAP,4000,3126
ADCMAP,4004,3128
ADCMAP,4008,3130
ADCMAP,4012,3130
ADCMAP,4016,3133
ADCMAP,4020,3135
ADCMAP,4024,3135
ADCMAP,4028,3137
ADCMAP,4032,3140
ADCMAP,4036,3140
ADCMAP,4040,3142
ADCMAP,4044,3143
ADCMAP,4048,3144
ADCMAP,4052,3146
ADCMAP,4056,3148
ADCMAP,4060,3149
ADCMAP,4064,3150
ADCMAP,4068,3153
ADCMAP,4072,3154
ADCMAP,4076,3155
ADCMAP,4080,3157
ADCMAP,4084,3158
ADCMAP,4088,3159
ADCMAP,4092,3160
ADCMAP_END